ERC report (2026-05-12T15:09:51, Encoding UTF8)
Report includes: Errors, Warnings, Exclusions

***** Sheet /
[label_dangling]: Label not connected
    ; error
    @(6800 mils, 3000 mils): Label '-5V_AMP'
[label_dangling]: Label not connected
    ; error
    @(6800 mils, 3100 mils): Label '+5V_AMP'
[label_dangling]: Label not connected
    ; error
    @(1700 mils, 8650 mils): Label '+5V_AMP'
[label_dangling]: Label not connected
    ; error
    @(1700 mils, 8750 mils): Label '-5V_AMP'
[pin_not_connected]: Hierarchical label 'FM_ANT' in root sheet cannot be connected to non-existent parent sheet
    ; error
    @(9000 mils, 5200 mils): Hierarchical Label 'FM_ANT'
[pin_not_connected]: Pin not connected
    ; error
    @(7350 mils, 7600 mils): Hierarchical Sheet Pin 'HP_GOOD_OUT'
[pin_not_connected]: Pin not connected
    ; error
    @(7350 mils, 8000 mils): Hierarchical Sheet Pin 'USB_OTG_ID'
[pin_not_connected]: Pin not connected
    ; error
    @(7350 mils, 8200 mils): Hierarchical Sheet Pin 'VBUS_EN'
[pin_not_connected]: Pin not connected
    ; error
    @(7350 mils, 8500 mils): Hierarchical Sheet Pin 'PWR_BUTTON'
[pin_not_connected]: Pin not connected
    ; error
    @(7350 mils, 8700 mils): Hierarchical Sheet Pin 'BAT_ALRT'
[pin_not_connected]: Pin not connected
    ; error
    @(7350 mils, 8850 mils): Hierarchical Sheet Pin 'DP_HPD'
[pin_not_connected]: Pin not connected
    ; error
    @(7350 mils, 9000 mils): Hierarchical Sheet Pin 'CHG_INT'
[pin_not_connected]: Pin not connected
    ; error
    @(7350 mils, 9150 mils): Hierarchical Sheet Pin 'PD_IRQ'
[label_dangling]: Label not connected
    ; error
    @(9400 mils, 7950 mils): Label '-5V_AMP'
[label_dangling]: Label not connected
    ; error
    @(9400 mils, 8050 mils): Label '+5V_AMP'
[pin_not_connected]: Pin not connected
    ; error
    @(12500 mils, 7350 mils): Symbol U15 Pin 99 [PMIC_ENABLE, Input, Line]
[pin_not_driven]: Input pin not driven by any Output pins
    ; error
    @(12500 mils, 7350 mils): Symbol U15 Pin 99 [PMIC_ENABLE, Input, Line]
[pin_not_connected]: Pin not connected
    ; error
    @(12500 mils, 7450 mils): Symbol U15 Pin 93 [~{RPIBOOT}, Input, Line]
[pin_not_driven]: Input pin not driven by any Output pins
    ; error
    @(12500 mils, 7450 mils): Symbol U15 Pin 93 [~{RPIBOOT}, Input, Line]
[pin_not_connected]: Pin not connected
    ; error
    @(12500 mils, 7550 mils): Symbol U15 Pin 89 [WL_~{DISABLE}, Input, Line]
[pin_not_driven]: Input pin not driven by any Output pins
    ; error
    @(12500 mils, 7550 mils): Symbol U15 Pin 89 [WL_~{DISABLE}, Input, Line]
[pin_not_connected]: Pin not connected
    ; error
    @(12500 mils, 7650 mils): Symbol U15 Pin 91 [BT_~{DISABLE}, Input, Line]
[pin_not_driven]: Input pin not driven by any Output pins
    ; error
    @(12500 mils, 7650 mils): Symbol U15 Pin 91 [BT_~{DISABLE}, Input, Line]
[pin_not_connected]: Pin not connected
    ; error
    @(12500 mils, 7850 mils): Symbol U15 Pin 97 [CAM_GPIO, Bidirectional, Line]
[pin_not_connected]: Pin not connected
    ; error
    @(12500 mils, 7950 mils): Symbol U15 Pin 92 [PWR_BUTTON, Input, Line]
[pin_not_driven]: Input pin not driven by any Output pins
    ; error
    @(12500 mils, 7950 mils): Symbol U15 Pin 92 [PWR_BUTTON, Input, Line]
[pin_not_connected]: Pin not connected
    ; error
    @(12500 mils, 8150 mils): Symbol U15 Pin 16 [FAN_TACHO, Input, Line]
[pin_not_driven]: Input pin not driven by any Output pins
    ; error
    @(12500 mils, 8150 mils): Symbol U15 Pin 16 [FAN_TACHO, Input, Line]
[pin_not_connected]: Pin not connected
    ; error
    @(12500 mils, 8250 mils): Symbol U15 Pin 18 [ETHERNET_SYNC_OUT, Output, Line]
[pin_not_connected]: Pin not connected
    ; error
    @(12500 mils, 8350 mils): Symbol U15 Pin 19 [FAN_PWM, Output, Line]
[pin_not_connected]: Pin not connected
    ; error
    @(12500 mils, 8450 mils): Symbol U15 Pin 17 [ETHERNET_~{LED2}, Output, Line]
[pin_not_connected]: Pin not connected
    ; error
    @(12500 mils, 8550 mils): Symbol U15 Pin 15 [ETHERNET_~{LED3}, Output, Line]
[pin_not_connected]: Pin not connected
    ; error
    @(12500 mils, 8650 mils): Symbol U15 Pin 12 [ETHERNET_PAIR0_P, Bidirectional, Line]
[pin_not_connected]: Pin not connected
    ; error
    @(12500 mils, 8750 mils): Symbol U15 Pin 10 [ETHERNET_PAIR0_N, Bidirectional, Line]
[pin_not_connected]: Pin not connected
    ; error
    @(12500 mils, 8850 mils): Symbol U15 Pin 4 [ETHERNET_PAIR1_P, Bidirectional, Line]
[pin_not_connected]: Pin not connected
    ; error
    @(12500 mils, 8950 mils): Symbol U15 Pin 6 [ETHERNET_PAIR1_N, Bidirectional, Line]
[pin_not_connected]: Pin not connected
    ; error
    @(12500 mils, 9050 mils): Symbol U15 Pin 11 [ETHERNET_PAIR2_P, Bidirectional, Line]
[pin_not_connected]: Pin not connected
    ; error
    @(12500 mils, 9150 mils): Symbol U15 Pin 9 [ETHERNET_PAIR2_N, Bidirectional, Line]
[pin_not_connected]: Pin not connected
    ; error
    @(12500 mils, 9250 mils): Symbol U15 Pin 3 [ETHERNET_PAIR3_P, Bidirectional, Line]
[pin_not_connected]: Pin not connected
    ; error
    @(12500 mils, 9350 mils): Symbol U15 Pin 5 [ETHERNET_PAIR3_N, Bidirectional, Line]
[pin_not_connected]: Pin not connected
    ; error
    @(12500 mils, 9550 mils): Symbol U15 Pin 75 [SD_PWR_ON, Output, Line]
[pin_not_connected]: Pin not connected
    ; error
    @(12500 mils, 9650 mils): Symbol U15 Pin 73 [SD_VDD_OVERRIDE, Input, Line]
[pin_not_driven]: Input pin not driven by any Output pins
    ; error
    @(12500 mils, 9650 mils): Symbol U15 Pin 73 [SD_VDD_OVERRIDE, Input, Line]
[pin_not_connected]: Pin not connected
    ; error
    @(12500 mils, 9750 mils): Symbol U15 Pin 57 [SD_CLK, Bidirectional, Clock]
[pin_not_connected]: Pin not connected
    ; error
    @(12500 mils, 9850 mils): Symbol U15 Pin 62 [SD_CMD, Input, Line]
[pin_not_driven]: Input pin not driven by any Output pins
    ; error
    @(12500 mils, 9850 mils): Symbol U15 Pin 62 [SD_CMD, Input, Line]
[pin_not_connected]: Pin not connected
    ; error
    @(12500 mils, 9950 mils): Symbol U15 Pin 63 [SD_DAT0, Bidirectional, Line]
[pin_not_connected]: Pin not connected
    ; error
    @(12500 mils, 10050 mils): Symbol U15 Pin 67 [SD_DAT1, Bidirectional, Line]
[pin_not_connected]: Pin not connected
    ; error
    @(12500 mils, 10150 mils): Symbol U15 Pin 69 [SD_DAT2, Bidirectional, Line]
[pin_not_connected]: Pin not connected
    ; error
    @(12500 mils, 10250 mils): Symbol U15 Pin 61 [SD_DAT3, Bidirectional, Line]
[pin_not_connected]: Pin not connected
    ; error
    @(12500 mils, 10350 mils): Symbol U15 Pin 68 [SD_DAT4, Bidirectional, Line]
[pin_not_connected]: Pin not connected
    ; error
    @(12500 mils, 10450 mils): Symbol U15 Pin 64 [SD_DAT5, Bidirectional, Line]
[power_pin_not_driven]: Input Power pin not driven by any Output Power pins
    ; error
    @(14900 mils, 6650 mils): Symbol U15 Pin 84 [CM5_3.3V(OUTPUT), Power input, Line]
[pin_not_connected]: Pin not connected
    ; error
    @(12500 mils, 10550 mils): Symbol U15 Pin 72 [SD_DAT6, Bidirectional, Line]
[power_pin_not_driven]: Input Power pin not driven by any Output Power pins
    ; error
    @(14900 mils, 6750 mils): Symbol U15 Pin 88 [CM5_1.8V(OUTPUT), Power input, Line]
[pin_not_connected]: Pin not connected
    ; error
    @(14900 mils, 6850 mils): Symbol U15 Pin 78 [GPIO_VREF, Power input, Line]
[power_pin_not_driven]: Input Power pin not driven by any Output Power pins
    ; error
    @(14900 mils, 6850 mils): Symbol U15 Pin 78 [GPIO_VREF, Power input, Line]
[pin_not_connected]: Pin not connected
    ; error
    @(12500 mils, 10650 mils): Symbol U15 Pin 70 [SD_DAT7, Bidirectional, Line]
[pin_not_connected]: Pin not connected
    ; error
    @(14900 mils, 6950 mils): Symbol U15 Pin 76 [VBAT, Power input, Line]
[power_pin_not_driven]: Input Power pin not driven by any Output Power pins
    ; error
    @(14900 mils, 6950 mils): Symbol U15 Pin 76 [VBAT, Power input, Line]
[pin_not_connected]: Pin not connected
    ; error
    @(14900 mils, 7150 mils): Symbol U15 Pin 100 [CAM_GPIO1, Output, Line]
[pin_not_connected]: Pin not connected
    ; error
    @(12500 mils, 10850 mils): Symbol U15 Pin 80 [SCL0, Input, Clock]
[pin_not_driven]: Input pin not driven by any Output pins
    ; error
    @(12500 mils, 10850 mils): Symbol U15 Pin 80 [SCL0, Input, Clock]
[pin_not_connected]: Pin not connected
    ; error
    @(14900 mils, 7350 mils): Symbol U15 Pin 21 [LED_~{ACTIVITY}, Bidirectional, Line]
[pin_not_connected]: Pin not connected
    ; error
    @(12500 mils, 10950 mils): Symbol U15 Pin 82 [SDA0, Bidirectional, Line]
[pin_not_connected]: Pin not connected
    ; error
    @(14900 mils, 7450 mils): Symbol U15 Pin 95 [LED_~{PWR}, Output, Line]
[pin_not_connected]: Pin not connected
    ; error
    @(14900 mils, 7650 mils): Symbol U15 Pin 20 [EEPROM_~{WP}, Bidirectional, Line]
[pin_not_connected]: Pin not connected
    ; error
    @(12500 mils, 11150 mils): Symbol U15 Hidden pin SH4 [MOUNTING_PADS, Passive, Line]
[pin_not_connected]: Pin not connected
    ; error
    @(14900 mils, 8150 mils): Symbol U15 Pin 34 [GPIO5, Bidirectional, Line]
[pin_not_connected]: Pin not connected
    ; error
    @(14900 mils, 8250 mils): Symbol U15 Pin 30 [GPIO6, Bidirectional, Line]
[pin_not_connected]: Pin not connected
    ; error
    @(14900 mils, 8350 mils): Symbol U15 Pin 37 [GPIO7, Bidirectional, Line]
[pin_not_connected]: Pin not connected
    ; error
    @(14900 mils, 8450 mils): Symbol U15 Pin 39 [GPIO8, Bidirectional, Line]
[pin_not_connected]: Pin not connected
    ; error
    @(14900 mils, 8550 mils): Symbol U15 Pin 40 [GPIO9, Bidirectional, Line]
[pin_not_connected]: Pin not connected
    ; error
    @(14900 mils, 8650 mils): Symbol U15 Pin 44 [GPIO10, Bidirectional, Line]
[pin_not_connected]: Pin not connected
    ; error
    @(14900 mils, 8750 mils): Symbol U15 Pin 38 [GPIO11, Bidirectional, Line]
[pin_not_connected]: Pin not connected
    ; error
    @(14900 mils, 8850 mils): Symbol U15 Pin 31 [GPIO12, Bidirectional, Line]
[pin_not_connected]: Pin not connected
    ; error
    @(14900 mils, 8950 mils): Symbol U15 Pin 28 [GPIO13, Bidirectional, Line]
[pin_not_connected]: Pin not connected
    ; error
    @(14900 mils, 9050 mils): Symbol U15 Pin 55 [GPIO14, Bidirectional, Line]
[pin_not_connected]: Pin not connected
    ; error
    @(14900 mils, 9150 mils): Symbol U15 Pin 51 [GPIO15, Bidirectional, Line]
[pin_not_connected]: Pin not connected
    ; error
    @(14900 mils, 9250 mils): Symbol U15 Pin 29 [GPIO16, Bidirectional, Line]
[pin_not_connected]: Pin not connected
    ; error
    @(14900 mils, 9350 mils): Symbol U15 Pin 50 [GPIO17, Bidirectional, Line]
[pin_not_connected]: Pin not connected
    ; error
    @(14900 mils, 9850 mils): Symbol U15 Pin 46 [GPIO22, Bidirectional, Line]
[pin_not_connected]: Pin not connected
    ; error
    @(14900 mils, 9950 mils): Symbol U15 Pin 47 [GPIO23, Bidirectional, Line]
[pin_not_connected]: Pin not connected
    ; error
    @(14900 mils, 10050 mils): Symbol U15 Pin 45 [GPIO24, Bidirectional, Line]
[pin_not_connected]: Pin not connected
    ; error
    @(14900 mils, 10150 mils): Symbol U15 Pin 41 [GPIO25, Bidirectional, Line]
[pin_not_connected]: Pin not connected
    ; error
    @(14900 mils, 10250 mils): Symbol U15 Pin 24 [GPIO26, Bidirectional, Line]
[pin_not_connected]: Pin not connected
    ; error
    @(14900 mils, 10350 mils): Symbol U15 Pin 48 [GPIO27, Bidirectional, Line]
[pin_not_connected]: Pin not connected
    ; error
    @(14900 mils, 10550 mils): Symbol U15 Pin 35 [ID_SC, Bidirectional, Line]
[pin_not_connected]: Pin not connected
    ; error
    @(14900 mils, 10650 mils): Symbol U15 Pin 36 [ID_SD, Bidirectional, Line]
[pin_not_connected]: Pin not connected
    ; error
    @(18250 mils, 7100 mils): Symbol U15 Pin 101 [USB_OTG_ID, Input, Line]
[pin_not_driven]: Input pin not driven by any Output pins
    ; error
    @(18250 mils, 7100 mils): Symbol U15 Pin 101 [USB_OTG_ID, Input, Line]
[pin_not_connected]: Pin not connected
    ; error
    @(18250 mils, 7900 mils): Symbol U15 Pin 136 [USB3-0-DM, Bidirectional, Line]
[pin_not_connected]: Pin not connected
    ; error
    @(18250 mils, 8000 mils): Symbol U15 Pin 134 [USB3-0-DP, Bidirectional, Line]
[pin_not_connected]: Pin not connected
    ; error
    @(18250 mils, 8200 mils): Symbol U15 Pin 129 [MIPI0_C_P, Input, Clock]
[pin_not_driven]: Input pin not driven by any Output pins
    ; error
    @(18250 mils, 8200 mils): Symbol U15 Pin 129 [MIPI0_C_P, Input, Clock]
[pin_not_connected]: Pin not connected
    ; error
    @(18250 mils, 8300 mils): Symbol U15 Pin 127 [MIPI0_C_N, Input, Clock]
[pin_not_driven]: Input pin not driven by any Output pins
    ; error
    @(18250 mils, 8300 mils): Symbol U15 Pin 127 [MIPI0_C_N, Input, Clock]
[pin_not_connected]: Pin not connected
    ; error
    @(18250 mils, 8400 mils): Symbol U15 Pin 117 [MIPI0_D0_P, Input, Line]
[pin_not_driven]: Input pin not driven by any Output pins
    ; error
    @(18250 mils, 8400 mils): Symbol U15 Pin 117 [MIPI0_D0_P, Input, Line]
[pin_not_connected]: Pin not connected
    ; error
    @(18250 mils, 8500 mils): Symbol U15 Pin 115 [MIPI0_D0_N, Input, Line]
[pin_not_driven]: Input pin not driven by any Output pins
    ; error
    @(18250 mils, 8500 mils): Symbol U15 Pin 115 [MIPI0_D0_N, Input, Line]
[pin_not_connected]: Pin not connected
    ; error
    @(18250 mils, 8600 mils): Symbol U15 Pin 123 [MIPI0_D1_P, Input, Line]
[pin_not_driven]: Input pin not driven by any Output pins
    ; error
    @(18250 mils, 8600 mils): Symbol U15 Pin 123 [MIPI0_D1_P, Input, Line]
[pin_not_connected]: Pin not connected
    ; error
    @(18250 mils, 8700 mils): Symbol U15 Pin 121 [MIPI0_D1_N, Input, Line]
[pin_not_driven]: Input pin not driven by any Output pins
    ; error
    @(18250 mils, 8700 mils): Symbol U15 Pin 121 [MIPI0_D1_N, Input, Line]
[pin_not_connected]: Pin not connected
    ; error
    @(18250 mils, 8800 mils): Symbol U15 Pin 135 [MIPI0_D2_P, Input, Line]
[pin_not_driven]: Input pin not driven by any Output pins
    ; error
    @(18250 mils, 8800 mils): Symbol U15 Pin 135 [MIPI0_D2_P, Input, Line]
[pin_not_connected]: Pin not connected
    ; error
    @(18250 mils, 8900 mils): Symbol U15 Pin 133 [MIPI0_D2_N, Input, Line]
[pin_not_driven]: Input pin not driven by any Output pins
    ; error
    @(18250 mils, 8900 mils): Symbol U15 Pin 133 [MIPI0_D2_N, Input, Line]
[pin_not_connected]: Pin not connected
    ; error
    @(18250 mils, 9000 mils): Symbol U15 Pin 141 [MIPI0_D3_P, Input, Line]
[pin_not_driven]: Input pin not driven by any Output pins
    ; error
    @(18250 mils, 9000 mils): Symbol U15 Pin 141 [MIPI0_D3_P, Input, Line]
[pin_not_connected]: Pin not connected
    ; error
    @(18250 mils, 9100 mils): Symbol U15 Pin 139 [MIPI0_D3_N, Input, Line]
[pin_not_driven]: Input pin not driven by any Output pins
    ; error
    @(18250 mils, 9100 mils): Symbol U15 Pin 139 [MIPI0_D3_N, Input, Line]
[pin_not_connected]: Pin not connected
    ; error
    @(18250 mils, 9300 mils): Symbol U15 Pin 169 [USB3-1-TX_N, Bidirectional, Line]
[pin_not_connected]: Pin not connected
    ; error
    @(18250 mils, 9400 mils): Symbol U15 Pin 171 [USB3-1-TX_P, Bidirectional, Line]
[pin_not_connected]: Pin not connected
    ; error
    @(18250 mils, 9500 mils): Symbol U15 Pin 159 [USB3-1-RX_P, Bidirectional, Line]
[pin_not_connected]: Pin not connected
    ; error
    @(18250 mils, 9600 mils): Symbol U15 Pin 157 [USB3-1-RX_N, Bidirectional, Line]
[pin_not_connected]: Pin not connected
    ; error
    @(18250 mils, 9700 mils): Symbol U15 Pin 165 [USB3-1-DM, Bidirectional, Line]
[pin_not_connected]: Pin not connected
    ; error
    @(18250 mils, 9800 mils): Symbol U15 Pin 163 [USB3-1-DP, Bidirectional, Line]
[pin_not_connected]: Pin not connected
    ; error
    @(18250 mils, 10000 mils): Symbol U15 Pin 187 [MIPI1_C_N, Output, Clock]
[pin_not_connected]: Pin not connected
    ; error
    @(18250 mils, 10100 mils): Symbol U15 Pin 189 [MIPI1_C_P, Output, Clock]
[pin_not_connected]: Pin not connected
    ; error
    @(18250 mils, 10200 mils): Symbol U15 Pin 177 [MIPI1_D0_P, Output, Line]
[pin_not_connected]: Pin not connected
    ; error
    @(18250 mils, 10300 mils): Symbol U15 Pin 175 [MIPI1_D0_N, Output, Line]
[pin_not_connected]: Pin not connected
    ; error
    @(18250 mils, 10400 mils): Symbol U15 Pin 183 [MIPI1_D1_P, Output, Line]
[pin_not_connected]: Pin not connected
    ; error
    @(18250 mils, 10500 mils): Symbol U15 Pin 181 [MIPI1_D1_N, Output, Line]
[pin_not_connected]: Pin not connected
    ; error
    @(18250 mils, 10600 mils): Symbol U15 Pin 195 [MIPI1_D2_P, Output, Line]
[pin_not_connected]: Pin not connected
    ; error
    @(18250 mils, 10700 mils): Symbol U15 Pin 193 [MIPI1_D2_N, Output, Line]
[pin_not_connected]: Pin not connected
    ; error
    @(18250 mils, 10800 mils): Symbol U15 Pin 196 [MIPI1_D3_P, Output, Line]
[pin_not_connected]: Pin not connected
    ; error
    @(18250 mils, 10900 mils): Symbol U15 Pin 194 [MIPI1_D3_N, Output, Line]
[pin_not_connected]: Pin not connected
    ; error
    @(20650 mils, 7100 mils): Symbol U15 Pin 111 [VBUS_EN, Output, Line]
[pin_not_connected]: Pin not connected
    ; error
    @(20650 mils, 8400 mils): Symbol U15 Pin 153 [HDMI0_HOTPLUG, Input, Line]
[pin_not_driven]: Input pin not driven by any Output pins
    ; error
    @(20650 mils, 8400 mils): Symbol U15 Pin 153 [HDMI0_HOTPLUG, Input, Line]
[pin_not_connected]: Pin not connected
    ; error
    @(20650 mils, 8500 mils): Symbol U15 Pin 200 [HDMI0_SCL, Bidirectional, Clock]
[pin_not_connected]: Pin not connected
    ; error
    @(20650 mils, 8600 mils): Symbol U15 Pin 199 [HDMI0_SDA, Bidirectional, Line]
[pin_not_connected]: Pin not connected
    ; error
    @(20650 mils, 8700 mils): Symbol U15 Pin 151 [HDMI0_CEC, Input, Line]
[pin_not_driven]: Input pin not driven by any Output pins
    ; error
    @(20650 mils, 8700 mils): Symbol U15 Pin 151 [HDMI0_CEC, Input, Line]
[pin_not_connected]: Pin not connected
    ; error
    @(20650 mils, 8800 mils): Symbol U15 Pin 188 [HDMI0_CLK_P, Output, Clock]
[pin_not_connected]: Pin not connected
    ; error
    @(20650 mils, 8900 mils): Symbol U15 Pin 190 [HDMI0_CLK_N, Output, Clock]
[pin_not_connected]: Pin not connected
    ; error
    @(20650 mils, 9000 mils): Symbol U15 Pin 182 [HDMI0_TX0_P, Output, Line]
[pin_not_connected]: Pin not connected
    ; error
    @(20650 mils, 9100 mils): Symbol U15 Pin 184 [HDMI0_TX0_N, Output, Line]
[pin_not_connected]: Pin not connected
    ; error
    @(20650 mils, 9200 mils): Symbol U15 Pin 176 [HDMI0_TX1_P, Output, Line]
[pin_not_connected]: Pin not connected
    ; error
    @(20650 mils, 9300 mils): Symbol U15 Pin 178 [HDMI0_TX1_N, Output, Line]
[pin_not_connected]: Pin not connected
    ; error
    @(20650 mils, 9400 mils): Symbol U15 Pin 170 [HDMI0_TX2_P, Output, Line]
[pin_not_connected]: Pin not connected
    ; error
    @(20650 mils, 9500 mils): Symbol U15 Pin 172 [HDMI0_TX2_N, Output, Line]
[pin_not_connected]: Pin not connected
    ; error
    @(20650 mils, 9700 mils): Symbol U15 Pin 143 [HDMI1_HOTPLUG, Input, Line]
[pin_not_driven]: Input pin not driven by any Output pins
    ; error
    @(20650 mils, 9700 mils): Symbol U15 Pin 143 [HDMI1_HOTPLUG, Input, Line]
[pin_not_connected]: Pin not connected
    ; error
    @(20650 mils, 9800 mils): Symbol U15 Pin 145 [HDMI1_SDA, Bidirectional, Line]
[pin_not_connected]: Pin not connected
    ; error
    @(20650 mils, 9900 mils): Symbol U15 Pin 147 [HDMI1_SCL, Bidirectional, Clock]
[pin_not_connected]: Pin not connected
    ; error
    @(20650 mils, 10000 mils): Symbol U15 Pin 149 [HDMI1_CEC, Input, Line]
[pin_not_driven]: Input pin not driven by any Output pins
    ; error
    @(20650 mils, 10000 mils): Symbol U15 Pin 149 [HDMI1_CEC, Input, Line]
[pin_not_connected]: Pin not connected
    ; error
    @(20650 mils, 10100 mils): Symbol U15 Pin 164 [HDMI1_CLK_P, Output, Clock]
[pin_not_connected]: Pin not connected
    ; error
    @(20650 mils, 10200 mils): Symbol U15 Pin 166 [HDMI1_CLK_N, Output, Clock]
[pin_not_connected]: Pin not connected
    ; error
    @(20650 mils, 10300 mils): Symbol U15 Pin 158 [HDMI1_TX0_P, Output, Line]
[pin_not_connected]: Pin not connected
    ; error
    @(20650 mils, 10400 mils): Symbol U15 Pin 160 [HDMI1_TX0_N, Output, Line]
[pin_not_connected]: Pin not connected
    ; error
    @(20650 mils, 10500 mils): Symbol U15 Pin 152 [HDMI1_TX1_P, Output, Line]
[pin_not_connected]: Pin not connected
    ; error
    @(20650 mils, 10600 mils): Symbol U15 Pin 154 [HDMI1_TX1_N, Output, Line]
[pin_not_connected]: Pin not connected
    ; error
    @(20650 mils, 10700 mils): Symbol U15 Pin 146 [HDMI1_TX2_P, Output, Line]
[pin_not_connected]: Pin not connected
    ; error
    @(20650 mils, 10800 mils): Symbol U15 Pin 148 [HDMI1_TX2_N, Output, Line]
[multiple_net_names]: Both +5V(INPUT) and VSYS are attached to the same items; +5V(INPUT) will be used in the netlist
    ; warning
    @(14900 mils, 6550 mils): Symbol U15 Hidden pin 79 [+5V(INPUT), Power input, Line]
    @(1950 mils, 4150 mils): Label 'VSYS'
[unconnected_wire_endpoint]: Unconnected wire endpoint
    ; warning
    @(1950 mils, 4150 mils): Horizontal Wire, length 850 mils
[isolated_pin_label]: Label connected to only one pin
    ; warning
    @(9000 mils, 5200 mils): Hierarchical Label 'FM_ANT'
[footprint_link_issues]: The current configuration does not include the footprint library 'CM5108000'
    ; warning
    @(13700 mils, 8850 mils): Symbol U15 [CM5108000]
[isolated_pin_label]: Label connected to only one pin
    ; warning
    @(15600 mils, 9650 mils): Label 'I2S_DATA_IN'
[footprint_link_issues]: The current configuration does not include the footprint library 'CM5108000'
    ; warning
    @(19450 mils, 9000 mils): Symbol U15 [CM5108000]
[footprint_link_issues]: The current configuration does not include the footprint library 'Package_TO_SOT_SMD'
    ; warning
    @(1800 mils, 800 mils): Symbol U16 [AP2112K-3.3]
[footprint_link_issues]: The current configuration does not include the footprint library 'Package_TO_SOT_SMD'
    ; warning
    @(2000 mils, 2150 mils): Symbol U17 [AP2112K-1.8]
[footprint_link_issues]: The current configuration does not include the footprint library ''
    ; warning
    @(4100 mils, 1850 mils): Symbol U11 [SI4732-A10-GS]
[footprint_link_issues]: The current configuration does not include the footprint library 'OPA1612AIDR'
    ; warning
    @(9100 mils, 2300 mils): Symbol U12 [OPA1612AIDR]
[footprint_link_issues]: The current configuration does not include the footprint library ''
    ; warning
    @(12050 mils, 1850 mils): Symbol IC1 [ES9822QPRO]
[unconnected_wire_endpoint]: Unconnected wire endpoint
    ; warning
    @(1000 mils, 2050 mils): Horizontal Wire, length 650 mils
[footprint_link_issues]: The current configuration does not include the footprint library ''
    ; warning
    @(1650 mils, 1750 mils): Symbol U6 [CS43198-CNZ]
[lib_symbol_issues]: The current configuration does not include the symbol library '2026-05-02_16-36-42'
    ; warning
    @(1650 mils, 1750 mils): Symbol U6 [CS43198-CNZ]
[unconnected_wire_endpoint]: Unconnected wire endpoint
    ; warning
    @(4550 mils, 3750 mils): Horizontal Wire, length 600 mils
[lib_symbol_issues]: The current configuration does not include the symbol library 'power'
    ; warning
    @(5400 mils, 3650 mils): Symbol #PWR013 [GND]
[unconnected_wire_endpoint]: Unconnected wire endpoint
    ; warning
    @(6650 mils, 2050 mils): Horizontal Wire, length 650 mils
[footprint_link_issues]: The current configuration does not include the footprint library ''
    ; warning
    @(7300 mils, 1750 mils): Symbol U7 [CS43198-CNZ]
[lib_symbol_issues]: The current configuration does not include the symbol library '2026-05-02_16-36-42'
    ; warning
    @(7300 mils, 1750 mils): Symbol U7 [CS43198-CNZ]
[footprint_link_issues]: The current configuration does not include the footprint library 'TPS7A2033PDBVR'
    ; warning
    @(7300 mils, 6000 mils): Symbol U8 [TPS7A2033PDBVR]
[footprint_link_issues]: The current configuration does not include the footprint library 'TPS7A2033PDBVR'
    ; warning
    @(9700 mils, 5900 mils): Symbol U9 [TPS7A2033PDBVR]
[unconnected_wire_endpoint]: Unconnected wire endpoint
    ; warning
    @(10550 mils, 3000 mils): Horizontal Wire, length 650 mils
[unconnected_wire_endpoint]: Unconnected wire endpoint
    ; warning
    @(14050 mils, 4950 mils): Horizontal Wire, length 700 mils
[unconnected_wire_endpoint]: Unconnected wire endpoint
    ; warning
    @(14050 mils, 5250 mils): Horizontal Wire, length 700 mils
[unconnected_wire_endpoint]: Unconnected wire endpoint
    ; warning
    @(14250 mils, 5450 mils): Vertical Wire, length 50 mils
[footprint_link_issues]: The current configuration does not include the footprint library 'OPA1622IDRCR'
    ; warning
    @(15450 mils, 5250 mils): Symbol U10 [OPA1622IDRCR]
[isolated_pin_label]: Label connected to only one pin
    ; warning
    @(3750 mils, 1650 mils): Hierarchical Label 'HDMI_CLK_N'
[isolated_pin_label]: Label connected to only one pin
    ; warning
    @(3750 mils, 1750 mils): Hierarchical Label 'HDMI_CLK_P'
[isolated_pin_label]: Label connected to only one pin
    ; warning
    @(3750 mils, 1950 mils): Hierarchical Label 'HDMI_D0_N'
[isolated_pin_label]: Label connected to only one pin
    ; warning
    @(3750 mils, 2050 mils): Hierarchical Label 'HDMI_D0_P'
[isolated_pin_label]: Label connected to only one pin
    ; warning
    @(3750 mils, 2250 mils): Hierarchical Label 'HDMI_D1_N'
[isolated_pin_label]: Label connected to only one pin
    ; warning
    @(3750 mils, 2350 mils): Hierarchical Label 'HDMI_D1_P'
[isolated_pin_label]: Label connected to only one pin
    ; warning
    @(3750 mils, 2550 mils): Hierarchical Label 'HDMI_D2_N'
[isolated_pin_label]: Label connected to only one pin
    ; warning
    @(3750 mils, 2650 mils): Hierarchical Label 'HDMI_D2_P'
[isolated_pin_label]: Label connected to only one pin
    ; warning
    @(3750 mils, 2950 mils): Hierarchical Label 'I2C_VID_SDA'
[isolated_pin_label]: Label connected to only one pin
    ; warning
    @(3750 mils, 3050 mils): Hierarchical Label 'I2C_VID_SCL'
[isolated_pin_label]: Label connected to only one pin
    ; warning
    @(3750 mils, 4250 mils): Hierarchical Label 'VID_IRQ'
[lib_symbol_issues]: The current configuration does not include the symbol library ''
    ; warning
    @(4900 mils, 2950 mils): Symbol U18 [LT6711A]
[isolated_pin_label]: Label connected to only one pin
    ; warning
    @(6050 mils, 2250 mils): Hierarchical Label 'VID_RST'
[isolated_pin_label]: Label connected to only one pin
    ; warning
    @(6050 mils, 3050 mils): Hierarchical Label 'DP_LANE0_P'
[isolated_pin_label]: Label connected to only one pin
    ; warning
    @(6050 mils, 3150 mils): Hierarchical Label 'DP_LANE0_N'
[isolated_pin_label]: Label connected to only one pin
    ; warning
    @(6050 mils, 3650 mils): Hierarchical Label 'DP_LANE1_P'
[isolated_pin_label]: Label connected to only one pin
    ; warning
    @(6050 mils, 3750 mils): Hierarchical Label 'DP_LANE1_N'
[isolated_pin_label]: Label connected to only one pin
    ; warning
    @(6050 mils, 3850 mils): Hierarchical Label 'DP_LANE2_P'
[isolated_pin_label]: Label connected to only one pin
    ; warning
    @(6050 mils, 3950 mils): Hierarchical Label 'DP_LANE2_N'
[isolated_pin_label]: Label connected to only one pin
    ; warning
    @(6050 mils, 4450 mils): Hierarchical Label 'DP_LANE3_P'
[isolated_pin_label]: Label connected to only one pin
    ; warning
    @(6050 mils, 4550 mils): Hierarchical Label 'DP_LANE3_N'
[footprint_link_issues]: The current configuration does not include the footprint library 'Package_TO_SOT_SMD'
    ; warning
    @(8450 mils, 3500 mils): Symbol U20 [AP2112K-1.8]
[footprint_link_issues]: The current configuration does not include the footprint library 'Package_TO_SOT_SMD'
    ; warning
    @(10600 mils, 3600 mils): Symbol U22 [AP2112K-1.2]
[isolated_pin_label]: Label connected to only one pin
    ; warning
    @(550 mils, 3550 mils): Hierarchical Label 'USB_OTG_ID'
[footprint_link_issues]: The current configuration does not include the footprint library 'TPS65987DDHRSHR'
    ; warning
    @(2200 mils, 2850 mils): Symbol U2 [TPS65987DDHRSHR]
[footprint_link_issues]: The current configuration does not include the footprint library 'Package_SO'
    ; warning
    @(7200 mils, 1150 mils): Symbol U14 [W25Q16JVSS]
[footprint_link_issues]: The current configuration does not include the footprint library ''
    ; warning
    @(7350 mils, 4400 mils): Symbol U3 [TUSB546A-DCIRNQR]
[isolated_pin_label]: Label connected to only one pin
    ; warning
    @(2450 mils, 11200 mils): Hierarchical Label 'VBUS_EN'
[isolated_pin_label]: Label connected to only one pin
    ; warning
    @(1750 mils, 11400 mils): Hierarchical Label 'PWR_BUTTON'
[footprint_link_issues]: The current configuration does not include the footprint library 'BQ25895RTWR'
    ; warning
    @(3600 mils, 11600 mils): Symbol U4 [BQ25895RTWR]
[footprint_link_issues]: The current configuration does not include the footprint library 'MAX17055ETB_T'
    ; warning
    @(11700 mils, 7950 mils): Symbol U5 [MAX17055ETB_T]
[footprint_link_issues]: The current configuration does not include the footprint library 'Package_TO_SOT_SMD'
    ; warning
    @(14250 mils, 1850 mils): Symbol U1 [USBLC6-2SC6]
[isolated_pin_label]: Label connected to only one pin
    ; warning
    @(17350 mils, 5450 mils): Hierarchical Label 'HP_GOOD_OUT'
[footprint_link_issues]: The current configuration does not include the footprint library 'Package_SON'
    ; warning
    @(19150 mils, 4500 mils): Symbol U13 [LM27762]
[footprint_link_issues]: The current configuration does not include the footprint library 'Package_DFN_QFN'
    ; warning
    @(19000 mils, 10650 mils): Symbol U19 [TPS62130]

***** Sheet /Power&Battery/
[pin_not_connected]: Pin not connected
    ; error
    @(6250 mils, 3500 mils): Symbol U3 Pin 9 [DP0P, Input, Line]
[pin_not_driven]: Input pin not driven by any Output pins
    ; error
    @(6250 mils, 3500 mils): Symbol U3 Pin 9 [DP0P, Input, Line]
[pin_not_connected]: Pin not connected
    ; error
    @(6250 mils, 3600 mils): Symbol U3 Pin 10 [DP0N, Input, Line]
[pin_not_driven]: Input pin not driven by any Output pins
    ; error
    @(6250 mils, 3600 mils): Symbol U3 Pin 10 [DP0N, Input, Line]
[pin_not_connected]: Pin not connected
    ; error
    @(6250 mils, 3800 mils): Symbol U3 Pin 12 [DP1P, Input, Line]
[pin_not_driven]: Input pin not driven by any Output pins
    ; error
    @(6250 mils, 3800 mils): Symbol U3 Pin 12 [DP1P, Input, Line]
[pin_not_connected]: Pin not connected
    ; error
    @(6250 mils, 3900 mils): Symbol U3 Pin 13 [DP1N, Input, Line]
[pin_not_driven]: Input pin not driven by any Output pins
    ; error
    @(6250 mils, 3900 mils): Symbol U3 Pin 13 [DP1N, Input, Line]
[pin_not_connected]: Pin not connected
    ; error
    @(6250 mils, 4100 mils): Symbol U3 Pin 15 [DP2P, Input, Line]
[pin_not_driven]: Input pin not driven by any Output pins
    ; error
    @(6250 mils, 4100 mils): Symbol U3 Pin 15 [DP2P, Input, Line]
[pin_not_connected]: Pin not connected
    ; error
    @(6250 mils, 4200 mils): Symbol U3 Pin 16 [DP2N, Input, Line]
[pin_not_driven]: Input pin not driven by any Output pins
    ; error
    @(6250 mils, 4200 mils): Symbol U3 Pin 16 [DP2N, Input, Line]
[pin_not_connected]: Pin not connected
    ; error
    @(6250 mils, 4400 mils): Symbol U3 Pin 18 [DP3P, Input, Line]
[pin_not_driven]: Input pin not driven by any Output pins
    ; error
    @(6250 mils, 4400 mils): Symbol U3 Pin 18 [DP3P, Input, Line]
[pin_not_connected]: Pin not connected
    ; error
    @(6250 mils, 4500 mils): Symbol U3 Pin 19 [DP3N, Input, Line]
[pin_not_driven]: Input pin not driven by any Output pins
    ; error
    @(6250 mils, 4500 mils): Symbol U3 Pin 19 [DP3N, Input, Line]
[pin_not_connected]: Pin not connected
    ; error
    @(6250 mils, 4700 mils): Symbol U3 Pin 24 [AUXP, Bidirectional, Line]
[pin_not_connected]: Pin not connected
    ; error
    @(6250 mils, 4800 mils): Symbol U3 Pin 25 [AUXN, Bidirectional, Line]
[pin_not_connected]: Pin not connected
    ; error
    @(6250 mils, 5200 mils): Symbol U3 Pin 3 [SSEQ1, Input, Line]
[pin_not_driven]: Input pin not driven by any Output pins
    ; error
    @(6250 mils, 5200 mils): Symbol U3 Pin 3 [SSEQ1, Input, Line]
[pin_not_connected]: Pin not connected
    ; error
    @(6250 mils, 5300 mils): Symbol U3 Pin 11 [SSEQ0_A0, Input, Line]
[pin_not_driven]: Input pin not driven by any Output pins
    ; error
    @(6250 mils, 5300 mils): Symbol U3 Pin 11 [SSEQ0_A0, Input, Line]
[pin_not_connected]: Pin not connected
    ; error
    @(8450 mils, 5400 mils): Symbol U3 Pin 14 [DPEQ0_A1, Input, Line]
[pin_not_driven]: Input pin not driven by any Output pins
    ; error
    @(8450 mils, 5400 mils): Symbol U3 Pin 14 [DPEQ0_A1, Input, Line]
[pin_not_connected]: Pin not connected
    ; error
    @(8450 mils, 5500 mils): Symbol U3 Pin 2 [DPEQ1, Input, Line]
[pin_not_driven]: Input pin not driven by any Output pins
    ; error
    @(8450 mils, 5500 mils): Symbol U3 Pin 2 [DPEQ1, Input, Line]
[pin_not_connected]: Pin not connected
    ; error
    @(8450 mils, 5700 mils): Symbol U3 Pin 38 [EQ0, Input, Line]
[pin_not_driven]: Input pin not driven by any Output pins
    ; error
    @(8450 mils, 5700 mils): Symbol U3 Pin 38 [EQ0, Input, Line]
[pin_not_connected]: Pin not connected
    ; error
    @(8450 mils, 5800 mils): Symbol U3 Pin 35 [EQ1, Input, Line]
[pin_not_driven]: Input pin not driven by any Output pins
    ; error
    @(8450 mils, 5800 mils): Symbol U3 Pin 35 [EQ1, Input, Line]
[pin_to_pin]: Pins of type Power output and Power output are connected
    ; error
    @(5900 mils, 10150 mils): Symbol #FLG03 Pin 1 [Power output, Line]
    @(6050 mils, 1350 mils): Symbol #FLG07 Pin 1 [Power output, Line]
[pin_not_driven]: Input pin not driven by any Output pins
    ; error
    @(2900 mils, 11400 mils): Symbol U4 Pin 12 [~{QON}, Input, Line]
[pin_not_driven]: Input pin not driven by any Output pins
    ; error
    @(2900 mils, 11600 mils): Symbol U4 Pin 8 [OTG, Input, Line]
[pin_to_pin]: Pins of type Bidirectional and Power output are connected
    ; warning
    @(6800 mils, 1250 mils): Symbol U14 Pin 3 [~{WP}/IO_{2}, Bidirectional, Line]
    @(3650 mils, 1550 mils): Symbol #FLG06 Pin 1 [Power output, Line]
[pin_to_pin]: Pins of type Bidirectional and Power output are connected
    ; warning
    @(6800 mils, 1350 mils): Symbol U14 Pin 7 [~{HOLD}/~{RESET}/IO_{3}, Bidirectional, Line]
    @(3650 mils, 1550 mils): Symbol #FLG06 Pin 1 [Power output, Line]
[multiple_net_names]: Both TYPEC_CC2 and CC2 are attached to the same items; TYPEC_CC2 will be used in the netlist
    ; warning
    @(13600 mils, 1400 mils): Label 'TYPEC_CC2'
    @(9700 mils, 4050 mils): Hierarchical Label 'CC2'
[multiple_net_names]: Both TYPEC_CC1 and CC1 are attached to the same items; TYPEC_CC1 will be used in the netlist
    ; warning
    @(10050 mils, 4800 mils): Label 'TYPEC_CC1'
    @(9700 mils, 4350 mils): Hierarchical Label 'CC1'
[multiple_net_names]: Both SW and SW_NODE are attached to the same items; SW will be used in the netlist
    ; warning
    @(4300 mils, 11100 mils): Symbol U4 Hidden pin 20 [SW, Power input, Line]
    @(4350 mils, 11300 mils): Label 'SW_NODE'
[multiple_net_names]: Both GND and PGND are attached to the same items; GND will be used in the netlist
    ; warning
    @(5550 mils, 5150 mils): Symbol #PWR05 Pin 1 [Power input, Line]
    @(4300 mils, 12600 mils): Symbol U4 Hidden pin 18 [PGND, Power input, Line]
[multiple_net_names]: Both BAT and BATTERY_POS are attached to the same items; BAT will be used in the netlist
    ; warning
    @(4300 mils, 10700 mils): Symbol U4 Hidden pin 14 [BAT, Power input, Line]
    @(12850 mils, 7450 mils): Label 'BATTERY_POS'
[multiple_net_names]: Both SYS and VSYS are attached to the same items; SYS will be used in the netlist
    ; warning
    @(4300 mils, 10800 mils): Symbol U4 Hidden pin 16 [SYS, Power input, Line]
    @(18250 mils, 4300 mils): Label 'VSYS'
[pin_to_pin]: Pins of type Output and Power output are connected
    ; error (excluded)
    @(4300 mils, 11500 mils): Symbol U4 Pin 23 [PMID, Output, Line]
    @(3750 mils, 1700 mils): Symbol #FLG014 Pin 1 [Power output, Line]

***** Sheet /Audio_Engine/
[pin_not_driven]: Input pin not driven by any Output pins
    ; error
    @(1650 mils, 1850 mils): Symbol U6 Pin 2 [SDIN1, Input, Line]
[pin_not_connected]: Pin not connected
    ; error
    @(1650 mils, 1950 mils): Symbol U6 Pin 3 [TSO, Bidirectional, Line]
[pin_not_connected]: Pin not connected
    ; error
    @(1650 mils, 2250 mils): Symbol U6 Pin 6 [FILT-, Output, Line]
[pin_not_connected]: Pin not connected
    ; error
    @(1650 mils, 2450 mils): Symbol U6 Pin 8 [GNDA, Input, Line]
[pin_not_driven]: Input pin not driven by any Output pins
    ; error
    @(1650 mils, 2450 mils): Symbol U6 Pin 8 [GNDA, Input, Line]
[pin_not_connected]: Pin not connected
    ; error
    @(1650 mils, 2850 mils): Symbol U6 Pin 12 [HPINA, Input, Line]
[pin_not_driven]: Input pin not driven by any Output pins
    ; error
    @(1650 mils, 2850 mils): Symbol U6 Pin 12 [HPINA, Input, Line]
[pin_not_connected]: Pin not connected
    ; error
    @(1650 mils, 2950 mils): Symbol U6 Pin 13 [HPREFA, Input, Line]
[pin_not_driven]: Input pin not driven by any Output pins
    ; error
    @(1650 mils, 2950 mils): Symbol U6 Pin 13 [HPREFA, Input, Line]
[pin_not_connected]: Pin not connected
    ; error
    @(1650 mils, 3150 mils): Symbol U6 Pin 15 [HPINB, Input, Line]
[pin_not_driven]: Input pin not driven by any Output pins
    ; error
    @(1650 mils, 3150 mils): Symbol U6 Pin 15 [HPINB, Input, Line]
[pin_not_connected]: Pin not connected
    ; error
    @(1650 mils, 3250 mils): Symbol U6 Pin 16 [HPOUTB, Output, Line]
[pin_not_connected]: Pin not connected
    ; error
    @(1650 mils, 3350 mils): Symbol U6 Pin 17 [HPREFB, Input, Line]
[pin_not_driven]: Input pin not driven by any Output pins
    ; error
    @(1650 mils, 3350 mils): Symbol U6 Pin 17 [HPREFB, Input, Line]
[pin_not_connected]: Pin not connected
    ; error
    @(1650 mils, 3450 mils): Symbol U6 Pin 18 [VCP_FILT-, Bidirectional, Line]
[pin_not_connected]: Pin not connected
    ; error
    @(1650 mils, 3650 mils): Symbol U6 Pin 20 [FLYN_VCP, Output, Line]
[pin_to_pin]: Pins of type Power output and Power output are connected
    ; error
    @(4250 mils, 1750 mils): Symbol U6 Pin 41 [EPAD, Power output, Line]
    @(6050 mils, 1350 mils): Symbol #FLG07 Pin 1 [Power output, Line]
[pin_not_connected]: Pin not connected
    ; error
    @(4250 mils, 1850 mils): Symbol U6 Pin 40 [DSDA/SDIN2, Input, Line]
[pin_not_driven]: Input pin not driven by any Output pins
    ; error
    @(4250 mils, 1850 mils): Symbol U6 Pin 40 [DSDA/SDIN2, Input, Line]
[pin_not_connected]: Pin not connected
    ; error
    @(4250 mils, 2250 mils): Symbol U6 Pin 36 [XTO, Output, Line]
[pin_not_connected]: Pin not connected
    ; error
    @(4250 mils, 2550 mils): Symbol U6 Pin 33 [CLKOUT, Output, Line]
[pin_not_connected]: Pin not connected
    ; error
    @(4250 mils, 2650 mils): Symbol U6 Pin 32 [DSDCLK/SCLK2, Bidirectional, Line]
[pin_not_connected]: Pin not connected
    ; error
    @(4250 mils, 2950 mils): Symbol U6 Pin 29 [DSDB/LRCK2, Bidirectional, Line]
[pin_not_connected]: Pin not connected
    ; error
    @(4250 mils, 3050 mils): Symbol U6 Pin 28 [*RESET, Input, Line]
[pin_not_driven]: Input pin not driven by any Output pins
    ; error
    @(4250 mils, 3050 mils): Symbol U6 Pin 28 [*RESET, Input, Line]
[pin_not_connected]: Pin not connected
    ; error
    @(4250 mils, 3150 mils): Symbol U6 Pin 27 [*INT, Output, Line]
[pin_not_connected]: Pin not connected
    ; error
    @(4250 mils, 3450 mils): Symbol U6 Pin 24 [FLYP_VCP, Output, Line]
[pin_not_connected]: Pin not connected
    ; error
    @(4250 mils, 3550 mils): Symbol U6 Pin 23 [FLYC_VCP, Output, Line]
[pin_not_connected]: Pin not connected
    ; error
    @(4250 mils, 3650 mils): Symbol U6 Pin 22 [HP_DETECT, Input, Line]
[pin_not_driven]: Input pin not driven by any Output pins
    ; error
    @(4250 mils, 3650 mils): Symbol U6 Pin 22 [HP_DETECT, Input, Line]
[pin_not_connected]: Pin not connected
    ; error
    @(4250 mils, 3750 mils): Symbol U6 Pin 21 [VCP_FILT+, Bidirectional, Line]
[pin_not_driven]: Input pin not driven by any Output pins
    ; error
    @(7300 mils, 1850 mils): Symbol U7 Pin 2 [SDIN1, Input, Line]
[pin_not_connected]: Pin not connected
    ; error
    @(7300 mils, 1950 mils): Symbol U7 Pin 3 [TSO, Bidirectional, Line]
[pin_not_connected]: Pin not connected
    ; error
    @(7300 mils, 2250 mils): Symbol U7 Pin 6 [FILT-, Output, Line]
[pin_not_connected]: Pin not connected
    ; error
    @(7300 mils, 2450 mils): Symbol U7 Pin 8 [GNDA, Input, Line]
[pin_not_driven]: Input pin not driven by any Output pins
    ; error
    @(7300 mils, 2450 mils): Symbol U7 Pin 8 [GNDA, Input, Line]
[pin_not_connected]: Pin not connected
    ; error
    @(7300 mils, 2850 mils): Symbol U7 Pin 12 [HPINA, Input, Line]
[pin_not_driven]: Input pin not driven by any Output pins
    ; error
    @(7300 mils, 2850 mils): Symbol U7 Pin 12 [HPINA, Input, Line]
[pin_not_connected]: Pin not connected
    ; error
    @(7300 mils, 2950 mils): Symbol U7 Pin 13 [HPREFA, Input, Line]
[pin_not_driven]: Input pin not driven by any Output pins
    ; error
    @(7300 mils, 2950 mils): Symbol U7 Pin 13 [HPREFA, Input, Line]
[pin_not_connected]: Pin not connected
    ; error
    @(7300 mils, 3150 mils): Symbol U7 Pin 15 [HPINB, Input, Line]
[pin_not_driven]: Input pin not driven by any Output pins
    ; error
    @(7300 mils, 3150 mils): Symbol U7 Pin 15 [HPINB, Input, Line]
[pin_not_connected]: Pin not connected
    ; error
    @(7300 mils, 3250 mils): Symbol U7 Pin 16 [HPOUTB, Output, Line]
[pin_not_connected]: Pin not connected
    ; error
    @(7300 mils, 3350 mils): Symbol U7 Pin 17 [HPREFB, Input, Line]
[pin_not_driven]: Input pin not driven by any Output pins
    ; error
    @(7300 mils, 3350 mils): Symbol U7 Pin 17 [HPREFB, Input, Line]
[pin_not_connected]: Pin not connected
    ; error
    @(7300 mils, 3450 mils): Symbol U7 Pin 18 [VCP_FILT-, Bidirectional, Line]
[pin_not_connected]: Pin not connected
    ; error
    @(7300 mils, 3650 mils): Symbol U7 Pin 20 [FLYN_VCP, Output, Line]
[pin_to_pin]: Pins of type Power output and Power output are connected
    ; error
    @(9900 mils, 1750 mils): Symbol U7 Pin 41 [EPAD, Power output, Line]
    @(4250 mils, 1750 mils): Symbol U6 Pin 41 [EPAD, Power output, Line]
[pin_not_connected]: Pin not connected
    ; error
    @(9900 mils, 1850 mils): Symbol U7 Pin 40 [DSDA/SDIN2, Input, Line]
[pin_not_driven]: Input pin not driven by any Output pins
    ; error
    @(9900 mils, 1850 mils): Symbol U7 Pin 40 [DSDA/SDIN2, Input, Line]
[pin_not_connected]: Pin not connected
    ; error
    @(9900 mils, 2250 mils): Symbol U7 Pin 36 [XTO, Output, Line]
[pin_not_connected]: Pin not connected
    ; error
    @(9900 mils, 2550 mils): Symbol U7 Pin 33 [CLKOUT, Output, Line]
[pin_not_connected]: Pin not connected
    ; error
    @(9900 mils, 2650 mils): Symbol U7 Pin 32 [DSDCLK/SCLK2, Bidirectional, Line]
[pin_not_connected]: Pin not connected
    ; error
    @(9900 mils, 2950 mils): Symbol U7 Pin 29 [DSDB/LRCK2, Bidirectional, Line]
[pin_not_connected]: Pin not connected
    ; error
    @(9900 mils, 3050 mils): Symbol U7 Pin 28 [*RESET, Input, Line]
[pin_not_driven]: Input pin not driven by any Output pins
    ; error
    @(9900 mils, 3050 mils): Symbol U7 Pin 28 [*RESET, Input, Line]
[pin_not_connected]: Pin not connected
    ; error
    @(9900 mils, 3150 mils): Symbol U7 Pin 27 [*INT, Output, Line]
[pin_not_connected]: Pin not connected
    ; error
    @(9900 mils, 3450 mils): Symbol U7 Pin 24 [FLYP_VCP, Output, Line]
[pin_not_connected]: Pin not connected
    ; error
    @(9900 mils, 3550 mils): Symbol U7 Pin 23 [FLYC_VCP, Output, Line]
[pin_not_connected]: Pin not connected
    ; error
    @(9900 mils, 3650 mils): Symbol U7 Pin 22 [HP_DETECT, Input, Line]
[pin_not_driven]: Input pin not driven by any Output pins
    ; error
    @(9900 mils, 3650 mils): Symbol U7 Pin 22 [HP_DETECT, Input, Line]
[pin_not_connected]: Pin not connected
    ; error
    @(9900 mils, 3750 mils): Symbol U7 Pin 21 [VCP_FILT+, Bidirectional, Line]
[multiple_net_names]: Both GND and EXP are attached to the same items; GND will be used in the netlist
    ; warning
    @(1100 mils, 2900 mils): Symbol #PWR021 Pin 1 [Power input, Line]
    @(16150 mils, 5750 mils): Symbol U10 Hidden pin 13 [EXP, Power input, Line]

***** Sheet /Recording&Radio_Engine/
[pin_not_connected]: Pin not connected
    ; error
    @(4100 mils, 1950 mils): Symbol U11 Pin 2 [GPO3/DCLK, Unspecified, Line]
[pin_not_connected]: Pin not connected
    ; error
    @(4100 mils, 2050 mils): Symbol U11 Pin 3 [GPO2/INTB, Unspecified, Line]
[pin_not_connected]: Pin not connected
    ; error
    @(4100 mils, 2150 mils): Symbol U11 Pin 4 [GPO1, Unspecified, Line]
[pin_not_connected]: Pin not connected
    ; error
    @(4100 mils, 2350 mils): Symbol U11 Pin 6 [FMI, Unspecified, Line]
[pin_to_pin]: Pins of type Power output and Power output are connected
    ; error
    @(4100 mils, 2450 mils): Symbol U11 Pin 7 [RFGND, Power output, Line]
    @(9900 mils, 1750 mils): Symbol U7 Pin 41 [EPAD, Power output, Line]
[pin_not_connected]: Pin not connected
    ; error
    @(4100 mils, 2550 mils): Symbol U11 Pin 8 [AMI, Unspecified, Line]
[pin_to_pin]: Pins of type Power output and Power output are connected
    ; error
    @(6500 mils, 1950 mils): Symbol U11 Pin 15 [GND, Power output, Line]
    @(4100 mils, 2450 mils): Symbol U11 Pin 7 [RFGND, Power output, Line]
[pin_not_connected]: Pin not connected
    ; error
    @(12050 mils, 1850 mils): Symbol IC1 Pin 1 [GPIO10, Passive, Line]
[pin_not_connected]: Pin not connected
    ; error
    @(12050 mils, 1950 mils): Symbol IC1 Pin 2 [GPIO11, Passive, Line]
[pin_not_connected]: Pin not connected
    ; error
    @(12050 mils, 2050 mils): Symbol IC1 Pin 3 [MODE, Passive, Line]
[pin_not_connected]: Pin not connected
    ; error
    @(12050 mils, 2150 mils): Symbol IC1 Pin 4 [ACLK, Passive, Line]
[pin_not_connected]: Pin not connected
    ; error
    @(12050 mils, 2450 mils): Symbol IC1 Pin 7 [XOUT, Passive, Line]
[pin_not_connected]: Pin not connected
    ; error
    @(12050 mils, 2550 mils): Symbol IC1 Pin 8 [XIN, Passive, Line]
[pin_not_connected]: Pin not connected
    ; error
    @(12850 mils, 1150 mils): Symbol IC1 Pin 36 [GPIO4, Passive, Line]
[pin_not_connected]: Pin not connected
    ; error
    @(12950 mils, 1150 mils): Symbol IC1 Pin 35 [GPIO5, Passive, Line]
[pin_not_connected]: Pin not connected
    ; error
    @(13050 mils, 1150 mils): Symbol IC1 Pin 34 [GPIO6, Passive, Line]
[pin_not_connected]: Pin not connected
    ; error
    @(12650 mils, 3450 mils): Symbol IC1 Pin 14 [NC_1, Passive, Line]
[pin_not_connected]: Pin not connected
    ; error
    @(13150 mils, 1150 mils): Symbol IC1 Pin 33 [GPIO7, Passive, Line]
[pin_not_connected]: Pin not connected
    ; error
    @(12750 mils, 3450 mils): Symbol IC1 Pin 15 [NC_2, Passive, Line]
[pin_not_connected]: Pin not connected
    ; error
    @(13250 mils, 1150 mils): Symbol IC1 Pin 32 [GPIO8, Passive, Line]
[pin_not_connected]: Pin not connected
    ; error
    @(12850 mils, 3450 mils): Symbol IC1 Pin 16 [NC_3, Passive, Line]
[pin_not_connected]: Pin not connected
    ; error
    @(12950 mils, 3450 mils): Symbol IC1 Pin 17 [NC_4, Passive, Line]
[pin_not_connected]: Pin not connected
    ; error
    @(13650 mils, 2050 mils): Symbol IC1 Pin 28 [MISO/ADDR2, Passive, Line]
[pin_not_connected]: Pin not connected
    ; error
    @(13650 mils, 2450 mils): Symbol IC1 Pin 24 [GPIO9, Passive, Line]
[pin_not_connected]: Pin not connected
    ; error
    @(13650 mils, 2550 mils): Symbol IC1 Pin 23 [CHIP_EN, Passive, Line]
[pin_to_pin]: Pins of type Unspecified and Passive are connected
    ; warning
    @(4100 mils, 1850 mils): Symbol U11 Pin 1 [LOUT/DFS, Unspecified, Line]
    @(4050 mils, 1700 mils): Symbol C24 Pin 2 [Passive, Line]
[pin_to_pin]: Pins of type Unspecified and Passive are connected
    ; warning
    @(6500 mils, 1850 mils): Symbol U11 Pin 16 [ROUT/DOUT, Unspecified, Line]
    @(6450 mils, 1400 mils): Symbol C25 Pin 1 [Passive, Line]
[pin_to_pin]: Pins of type Unspecified and Passive are connected
    ; warning
    @(6500 mils, 2150 mils): Symbol U11 Pin 13 [RCLK, Unspecified, Line]
    @(6800 mils, 5850 mils): Symbol Y1 Pin 1 [1, Passive, Line]
[pin_to_pin]: Pins of type Unspecified and Passive are connected
    ; warning
    @(6500 mils, 2250 mils): Symbol U11 Pin 12 [SDIO, Unspecified, Line]
    @(13650 mils, 2350 mils): Symbol IC1 Pin 25 [MOSI/SDA, Passive, Line]
[pin_to_pin]: Pins of type Unspecified and Passive are connected
    ; warning
    @(6500 mils, 2350 mils): Symbol U11 Pin 11 [SCLK, Unspecified, Line]
    @(13650 mils, 2250 mils): Symbol IC1 Pin 26 [SCLK/SCL, Passive, Line]
[pin_to_pin]: Pins of type Unspecified and Power input are connected
    ; warning
    @(6500 mils, 2450 mils): Symbol U11 Pin 10 [SENB, Unspecified, Line]
    @(6650 mils, 2700 mils): Symbol #PWR034 Pin 1 [Power input, Line]
[pin_to_pin]: Pins of type Unspecified and Passive are connected
    ; warning
    @(6500 mils, 2550 mils): Symbol U11 Pin 9 [*RST, Unspecified, Line]
    @(6950 mils, 2550 mils): Symbol R8 Pin 1 [Passive, Line]

***** Sheet /Video_Engine/
[pin_not_connected]: Pin not connected
    ; error
    @(3750 mils, 1450 mils): Symbol U18 Pin 1 [CEC_G5, Unspecified, Line]
[pin_not_connected]: Pin not connected
    ; error
    @(3750 mils, 1550 mils): Symbol U18 Pin 2 [VCC12R, Unspecified, Line]
[hier_label_mismatch]: Hierarchical label HDMI_CLK_N has no matching sheet pin in the parent sheet
    ; error
    @(3750 mils, 1650 mils): Hierarchical Label 'HDMI_CLK_N'
[hier_label_mismatch]: Hierarchical label HDMI_CLK_P has no matching sheet pin in the parent sheet
    ; error
    @(3750 mils, 1750 mils): Hierarchical Label 'HDMI_CLK_P'
[pin_not_connected]: Pin not connected
    ; error
    @(3750 mils, 1850 mils): Symbol U18 Pin 5 [VCC12R, Unspecified, Line]
[hier_label_mismatch]: Hierarchical label HDMI_D0_N has no matching sheet pin in the parent sheet
    ; error
    @(3750 mils, 1950 mils): Hierarchical Label 'HDMI_D0_N'
[hier_label_mismatch]: Hierarchical label HDMI_D0_P has no matching sheet pin in the parent sheet
    ; error
    @(3750 mils, 2050 mils): Hierarchical Label 'HDMI_D0_P'
[hier_label_mismatch]: Hierarchical label HDMI_D1_N has no matching sheet pin in the parent sheet
    ; error
    @(3750 mils, 2250 mils): Hierarchical Label 'HDMI_D1_N'
[hier_label_mismatch]: Hierarchical label HDMI_D1_P has no matching sheet pin in the parent sheet
    ; error
    @(3750 mils, 2350 mils): Hierarchical Label 'HDMI_D1_P'
[pin_not_connected]: Pin not connected
    ; error
    @(3750 mils, 2450 mils): Symbol U18 Pin 11 [VCC12R, Unspecified, Line]
[hier_label_mismatch]: Hierarchical label HDMI_D2_N has no matching sheet pin in the parent sheet
    ; error
    @(3750 mils, 2550 mils): Hierarchical Label 'HDMI_D2_N'
[hier_label_mismatch]: Hierarchical label HDMI_D2_P has no matching sheet pin in the parent sheet
    ; error
    @(3750 mils, 2650 mils): Hierarchical Label 'HDMI_D2_P'
[pin_not_connected]: Pin not connected
    ; error
    @(3750 mils, 2750 mils): Symbol U18 Pin 14 [VCC12_RXPLL, Unspecified, Line]
[pin_not_connected]: Pin not connected
    ; error
    @(3750 mils, 2850 mils): Symbol U18 Pin 15 [VCC12R, Unspecified, Line]
[hier_label_mismatch]: Hierarchical label I2C_VID_SDA has no matching sheet pin in the parent sheet
    ; error
    @(3750 mils, 2950 mils): Hierarchical Label 'I2C_VID_SDA'
[hier_label_mismatch]: Hierarchical label I2C_VID_SCL has no matching sheet pin in the parent sheet
    ; error
    @(3750 mils, 3050 mils): Hierarchical Label 'I2C_VID_SCL'
[pin_not_connected]: Pin not connected
    ; error
    @(3750 mils, 3150 mils): Symbol U18 Pin 18 [XTALO, Unspecified, Line]
[pin_not_connected]: Pin not connected
    ; error
    @(3750 mils, 3250 mils): Symbol U18 Pin 19 [XTALI, Unspecified, Line]
[pin_not_connected]: Pin not connected
    ; error
    @(3750 mils, 3450 mils): Symbol U18 Pin 21 [VDD, Unspecified, Line]
[pin_not_connected]: Pin not connected
    ; error
    @(3750 mils, 3550 mils): Symbol U18 Pin 22 [SBU2B8_G8, Unspecified, Line]
[pin_not_connected]: Pin not connected
    ; error
    @(3750 mils, 3650 mils): Symbol U18 Pin 23 [AUXN, Unspecified, Line]
[pin_not_connected]: Pin not connected
    ; error
    @(3750 mils, 3750 mils): Symbol U18 Pin 24 [AUXP, Unspecified, Line]
[pin_not_connected]: Pin not connected
    ; error
    @(3750 mils, 3850 mils): Symbol U18 Pin 25 [SBU1A8_G9, Unspecified, Line]
[pin_not_connected]: Pin not connected
    ; error
    @(3750 mils, 3950 mils): Symbol U18 Pin 26 [DTXHPD_DVDET_G10, Unspecified, Line]
[pin_not_connected]: Pin not connected
    ; error
    @(3750 mils, 4050 mils): Symbol U18 Pin 27 [DCC2B5, Unspecified, Line]
[pin_not_connected]: Pin not connected
    ; error
    @(3750 mils, 4150 mils): Symbol U18 Pin 28 [DCC1A5, Unspecified, Line]
[hier_label_mismatch]: Hierarchical label VID_IRQ has no matching sheet pin in the parent sheet
    ; error
    @(3750 mils, 4250 mils): Hierarchical Label 'VID_IRQ'
[pin_not_connected]: Pin not connected
    ; error
    @(3750 mils, 4550 mils): Symbol U18 Pin 32 [VCC12A, Unspecified, Line]
[pin_not_connected]: Pin not connected
    ; error
    @(6050 mils, 1450 mils): Symbol U18 Pin 64 [G4, Unspecified, Line]
[pin_not_connected]: Pin not connected
    ; error
    @(6050 mils, 1550 mils): Symbol U18 Pin 63 [G3, Unspecified, Line]
[pin_not_connected]: Pin not connected
    ; error
    @(6050 mils, 1650 mils): Symbol U18 Pin 62 [UCC1A5, Unspecified, Line]
[pin_not_connected]: Pin not connected
    ; error
    @(6050 mils, 1750 mils): Symbol U18 Pin 61 [UCC2B5, Unspecified, Line]
[pin_not_connected]: Pin not connected
    ; error
    @(6050 mils, 1850 mils): Symbol U18 Pin 60 [DSDA_G2, Unspecified, Line]
[pin_not_connected]: Pin not connected
    ; error
    @(6050 mils, 1950 mils): Symbol U18 Pin 59 [DSCL_G1, Unspecified, Line]
[pin_not_connected]: Pin not connected
    ; error
    @(6050 mils, 2050 mils): Symbol U18 Pin 58 [HRXHPD_G0, Unspecified, Line]
[pin_not_connected]: Pin not connected
    ; error
    @(6050 mils, 2150 mils): Symbol U18 Pin 57 [VCC33IO, Unspecified, Line]
[hier_label_mismatch]: Hierarchical label VID_RST has no matching sheet pin in the parent sheet
    ; error
    @(6050 mils, 2250 mils): Hierarchical Label 'VID_RST'
[pin_not_connected]: Pin not connected
    ; error
    @(6050 mils, 2450 mils): Symbol U18 Pin 54 [G18, Unspecified, Line]
[pin_not_connected]: Pin not connected
    ; error
    @(6050 mils, 2550 mils): Symbol U18 Pin 53 [G17, Unspecified, Line]
[pin_not_connected]: Pin not connected
    ; error
    @(6050 mils, 2650 mils): Symbol U18 Pin 52 [G16, Unspecified, Line]
[pin_not_connected]: Pin not connected
    ; error
    @(6050 mils, 2750 mils): Symbol U18 Pin 51 [G15, Unspecified, Line]
[pin_not_connected]: Pin not connected
    ; error
    @(6050 mils, 2850 mils): Symbol U18 Pin 50 [G14, Unspecified, Line]
[pin_not_connected]: Pin not connected
    ; error
    @(6050 mils, 2950 mils): Symbol U18 Pin 49 [G13, Unspecified, Line]
[hier_label_mismatch]: Hierarchical label DP_LANE0_P has no matching sheet pin in the parent sheet
    ; error
    @(6050 mils, 3050 mils): Hierarchical Label 'DP_LANE0_P'
[hier_label_mismatch]: Hierarchical label DP_LANE0_N has no matching sheet pin in the parent sheet
    ; error
    @(6050 mils, 3150 mils): Hierarchical Label 'DP_LANE0_N'
[pin_not_connected]: Pin not connected
    ; error
    @(6050 mils, 3250 mils): Symbol U18 Pin 46 [VCC12T, Unspecified, Line]
[pin_not_connected]: Pin not connected
    ; error
    @(6050 mils, 3350 mils): Symbol U18 Pin 45 [SSTXP, Unspecified, Line]
[pin_not_connected]: Pin not connected
    ; error
    @(6050 mils, 3450 mils): Symbol U18 Pin 44 [SSTXN, Unspecified, Line]
[pin_not_connected]: Pin not connected
    ; error
    @(6050 mils, 3550 mils): Symbol U18 Pin 43 [VCC18T, Unspecified, Line]
[hier_label_mismatch]: Hierarchical label DP_LANE1_P has no matching sheet pin in the parent sheet
    ; error
    @(6050 mils, 3650 mils): Hierarchical Label 'DP_LANE1_P'
[hier_label_mismatch]: Hierarchical label DP_LANE1_N has no matching sheet pin in the parent sheet
    ; error
    @(6050 mils, 3750 mils): Hierarchical Label 'DP_LANE1_N'
[hier_label_mismatch]: Hierarchical label DP_LANE2_P has no matching sheet pin in the parent sheet
    ; error
    @(6050 mils, 3850 mils): Hierarchical Label 'DP_LANE2_P'
[hier_label_mismatch]: Hierarchical label DP_LANE2_N has no matching sheet pin in the parent sheet
    ; error
    @(6050 mils, 3950 mils): Hierarchical Label 'DP_LANE2_N'
[pin_not_connected]: Pin not connected
    ; error
    @(6050 mils, 4050 mils): Symbol U18 Pin 38 [VCC18T, Unspecified, Line]
[pin_not_connected]: Pin not connected
    ; error
    @(6050 mils, 4150 mils): Symbol U18 Pin 37 [SSRXN, Unspecified, Line]
[pin_not_connected]: Pin not connected
    ; error
    @(6050 mils, 4250 mils): Symbol U18 Pin 36 [SSRXP, Unspecified, Line]
[pin_not_connected]: Pin not connected
    ; error
    @(6050 mils, 4350 mils): Symbol U18 Pin 35 [VCC12T, Unspecified, Line]
[hier_label_mismatch]: Hierarchical label DP_LANE3_P has no matching sheet pin in the parent sheet
    ; error
    @(6050 mils, 4450 mils): Hierarchical Label 'DP_LANE3_P'
[hier_label_mismatch]: Hierarchical label DP_LANE3_N has no matching sheet pin in the parent sheet
    ; error
    @(6050 mils, 4550 mils): Hierarchical Label 'DP_LANE3_N'
[pin_not_connected]: Pin not connected
    ; error
    @(8150 mils, 3400 mils): Symbol U20 Pin 1 [VIN, Power input, Line]
[power_pin_not_driven]: Input Power pin not driven by any Output Power pins
    ; error
    @(8150 mils, 3400 mils): Symbol U20 Pin 1 [VIN, Power input, Line]
[pin_not_connected]: Pin not connected
    ; error
    @(8150 mils, 3500 mils): Symbol U20 Pin 3 [EN, Input, Line]
[pin_not_driven]: Input pin not driven by any Output pins
    ; error
    @(8150 mils, 3500 mils): Symbol U20 Pin 3 [EN, Input, Line]
[pin_not_connected]: Pin not connected
    ; error
    @(8450 mils, 3800 mils): Symbol U20 Pin 2 [GND, Power input, Line]
[power_pin_not_driven]: Input Power pin not driven by any Output Power pins
    ; error
    @(8450 mils, 3800 mils): Symbol U20 Pin 2 [GND, Power input, Line]
[pin_not_connected]: Pin not connected
    ; error
    @(8750 mils, 3400 mils): Symbol U20 Pin 5 [VOUT, Power output, Line]
[pin_not_connected]: Pin not connected
    ; error
    @(10300 mils, 3500 mils): Symbol U22 Pin 1 [VIN, Power input, Line]
[power_pin_not_driven]: Input Power pin not driven by any Output Power pins
    ; error
    @(10300 mils, 3500 mils): Symbol U22 Pin 1 [VIN, Power input, Line]
[pin_not_connected]: Pin not connected
    ; error
    @(10300 mils, 3600 mils): Symbol U22 Pin 3 [EN, Input, Line]
[pin_not_driven]: Input pin not driven by any Output pins
    ; error
    @(10300 mils, 3600 mils): Symbol U22 Pin 3 [EN, Input, Line]
[pin_not_connected]: Pin not connected
    ; error
    @(10600 mils, 3900 mils): Symbol U22 Pin 2 [GND, Power input, Line]
[power_pin_not_driven]: Input Power pin not driven by any Output Power pins
    ; error
    @(10600 mils, 3900 mils): Symbol U22 Pin 2 [GND, Power input, Line]
[pin_not_connected]: Pin not connected
    ; error
    @(10900 mils, 3500 mils): Symbol U22 Pin 5 [VOUT, Power output, Line]
[pin_to_pin]: Pins of type Unspecified and Power input are connected
    ; warning
    @(3750 mils, 2150 mils): Symbol U18 Pin 8 [VCC33R, Unspecified, Line]
    @(3750 mils, 2150 mils): Symbol #PWR078 Pin 1 [Power input, Line]
[pin_to_pin]: Pins of type Unspecified and Power input are connected
    ; warning
    @(3750 mils, 3350 mils): Symbol U18 Pin 20 [VCC33IO, Unspecified, Line]
    @(3750 mils, 3350 mils): Symbol #PWR079 Pin 1 [Power input, Line]
[pin_to_pin]: Pins of type Unspecified and Power input are connected
    ; warning
    @(3750 mils, 4350 mils): Symbol U18 Pin 30 [VCC33STBY, Unspecified, Line]
    @(3750 mils, 4350 mils): Symbol #PWR080 Pin 1 [Power input, Line]
[pin_to_pin]: Pins of type Unspecified and Passive are connected
    ; warning
    @(3750 mils, 4450 mils): Symbol U18 Pin 31 [REXT, Unspecified, Line]
    @(3200 mils, 4450 mils): Symbol R26 Pin 2 [Passive, Line]
[pin_to_pin]: Pins of type Unspecified and Power output are connected
    ; warning
    @(6050 mils, 1350 mils): Symbol U18 Pin 65 [EP, Unspecified, Line]
    @(6050 mils, 1350 mils): Symbol #FLG07 Pin 1 [Power output, Line]
[pin_to_pin]: Pins of type Unspecified and Power input are connected
    ; warning
    @(6050 mils, 2350 mils): Symbol U18 Pin 55 [VDD, Unspecified, Line]
    @(6050 mils, 2350 mils): Symbol #PWR081 Pin 1 [Power input, Line]

 ** ERC messages: 435  Errors 352  Warnings 83

 ** Ignored checks:
    - Global label only appears once in the schematic
    - Four connection points are joined together
    - SPICE model issue
    - Assigned footprint doesn't match footprint filters
